<html>
<body>
<pre>
<h1>µVision Build Log</h1>
<h2>Project:</h2>
E:\Repo\Dozecare\Board\pca10001\s110\experimental\ble_app_uart\arm\ble_app_uart.uvproj
Project File Date:  04/06/2017

<h2>Output:</h2>
Rebuild target 'nrf51822_xxaa_s110 (256K)'
assembling arm_startup_nrf51.s...
compiling system_nrf51.c...
compiling main.c...
..\main.c(489): warning:  #177-D: function "power_manage" was declared but never referenced
  static void power_manage(void)
..\main.c(498): warning:  #177-D: function "uart_init" was declared but never referenced
  static void uart_init(void)
..\main.c: 2 warnings, 0 errors
compiling ble_srv_common.c...
compiling ble_nus.c...
compiling ble_advdata.c...
compiling ble_conn_params.c...
compiling softdevice_handler.c...
compiling simple_uart.c...
compiling app_timer.c...
compiling twi_sw_master.c...
compiling mpu9250.c...
..\..\..\..\..\..\Source\mpu9250.c(22): warning:  #177-D: variable "ak8963_expected_who_am_i" was declared but never referenced
  static const uint8_t ak8963_expected_who_am_i = 0x48U;     //!< Expected value to get from AK8963  WHO_AM_I register.
..\..\..\..\..\..\Source\mpu9250.c(24): warning:  #550-D: variable "ak8963_device_address" was set but never used
  static uint8_t ak8963_device_address;
..\..\..\..\..\..\Source\mpu9250.c: 2 warnings, 0 errors
linking...
Program Size: Code=11708 RO-data=244 RW-data=164 ZI-data=4988  
FromELF: creating hex file...
".\_build\ble_app_uart.axf" - 0 Error(s), 4 Warning(s).
